{"map_id": "agv-static-20260905-113150", "session_id": "90a4443f4f2d41d89e6fdb3a91cc28a6", "listen": "192.168.50.101:14562"}
{"rx": "prepare_result", "sequence": 0, "state": null, "accepted": true, "error_code": "", "reason": "", "frame_id": "odom", "source_frame_id": null, "display_from_source": null}
{"rx": "session_status", "sequence": 1, "state": "starting", "accepted": null, "error_code": "", "reason": "starting FAST_LIO and waiting for outputs", "frame_id": null, "source_frame_id": null, "display_from_source": null}
{"rx": "command_ack", "sequence": 2, "state": null, "accepted": true, "error_code": "", "reason": "", "frame_id": null, "source_frame_id": null, "display_from_source": null}
{"rx": "session_status", "sequence": 3, "state": "mapping", "accepted": null, "error_code": "", "reason": "", "frame_id": null, "source_frame_id": null, "display_from_source": null}
{"rx": "command_ack", "sequence": 4, "state": null, "accepted": true, "error_code": "", "reason": "", "frame_id": null, "source_frame_id": null, "display_from_source": null}
{"rx": "session_heartbeat", "sequence": 5, "state": "mapping", "accepted": null, "error_code": null, "reason": null, "frame_id": null, "source_frame_id": null, "display_from_source": null}
{"rx": "cloud_fragment_ready", "sequence": 6, "state": null, "accepted": null, "error_code": null, "reason": null, "frame_id": "odom", "source_frame_id": "camera_init", "display_from_source": {"x": 0.0, "y": 0.0, "z": 0.0, "qx": 0.0, "qy": 0.0, "qz": 0.0, "qw": 1.0}}
{"rx": "session_heartbeat", "sequence": 7, "state": "mapping", "accepted": null, "error_code": null, "reason": null, "frame_id": null, "source_frame_id": null, "display_from_source": null}
{"rx": "cloud_fragment_ready", "sequence": 8, "state": null, "accepted": null, "error_code": null, "reason": null, "frame_id": "odom", "source_frame_id": "camera_init", "display_from_source": {"x": 0.0, "y": 0.0, "z": 0.0, "qx": 0.0, "qy": 0.0, "qz": 0.0, "qw": 1.0}}
{"rx": "session_heartbeat", "sequence": 9, "state": "mapping", "accepted": null, "error_code": null, "reason": null, "frame_id": null, "source_frame_id": null, "display_from_source": null}
{"rx": "cloud_fragment_ready", "sequence": 10, "state": null, "accepted": null, "error_code": null, "reason": null, "frame_id": "odom", "source_frame_id": "camera_init", "display_from_source": {"x": 0.0, "y": 0.0, "z": 0.0, "qx": 0.0, "qy": 0.0, "qz": 0.0, "qw": 1.0}}
{"rx": "session_heartbeat", "sequence": 11, "state": "mapping", "accepted": null, "error_code": null, "reason": null, "frame_id": null, "source_frame_id": null, "display_from_source": null}
{"rx": "cloud_fragment_ready", "sequence": 12, "state": null, "accepted": null, "error_code": null, "reason": null, "frame_id": "odom", "source_frame_id": "camera_init", "display_from_source": {"x": 0.0, "y": 0.0, "z": 0.0, "qx": 0.0, "qy": 0.0, "qz": 0.0, "qw": 1.0}}
{"rx": "session_heartbeat", "sequence": 13, "state": "mapping", "accepted": null, "error_code": null, "reason": null, "frame_id": null, "source_frame_id": null, "display_from_source": null}
{"rx": "cloud_fragment_ready", "sequence": 14, "state": null, "accepted": null, "error_code": null, "reason": null, "frame_id": "odom", "source_frame_id": "camera_init", "display_from_source": {"x": 0.0, "y": 0.0, "z": 0.0, "qx": 0.0, "qy": 0.0, "qz": 0.0, "qw": 1.0}}
{"rx": "session_heartbeat", "sequence": 15, "state": "mapping", "accepted": null, "error_code": null, "reason": null, "frame_id": null, "source_frame_id": null, "display_from_source": null}
{"rx": "cloud_fragment_ready", "sequence": 16, "state": null, "accepted": null, "error_code": null, "reason": null, "frame_id": "odom", "source_frame_id": "camera_init", "display_from_source": {"x": 0.0, "y": 0.0, "z": 0.0, "qx": 0.0, "qy": 0.0, "qz": 0.0, "qw": 1.0}}
{"rx": "cloud_fragment_ready", "sequence": 17, "state": null, "accepted": null, "error_code": null, "reason": null, "frame_id": "odom", "source_frame_id": "camera_init", "display_from_source": {"x": 0.0, "y": 0.0, "z": 0.0, "qx": 0.0, "qy": 0.0, "qz": 0.0, "qw": 1.0}}
{"rx": "session_heartbeat", "sequence": 18, "state": "mapping", "accepted": null, "error_code": null, "reason": null, "frame_id": null, "source_frame_id": null, "display_from_source": null}
{"rx": "cloud_fragment_ready", "sequence": 19, "state": null, "accepted": null, "error_code": null, "reason": null, "frame_id": "odom", "source_frame_id": "camera_init", "display_from_source": {"x": 0.0, "y": 0.0, "z": 0.0, "qx": 0.0, "qy": 0.0, "qz": 0.0, "qw": 1.0}}
{"rx": "session_heartbeat", "sequence": 20, "state": "mapping", "accepted": null, "error_code": null, "reason": null, "frame_id": null, "source_frame_id": null, "display_from_source": null}
{"rx": "cloud_fragment_ready", "sequence": 21, "state": null, "accepted": null, "error_code": null, "reason": null, "frame_id": "odom", "source_frame_id": "camera_init", "display_from_source": {"x": 0.0, "y": 0.0, "z": 0.0, "qx": 0.0, "qy": 0.0, "qz": 0.0, "qw": 1.0}}
{"rx": "session_heartbeat", "sequence": 22, "state": "mapping", "accepted": null, "error_code": null, "reason": null, "frame_id": null, "source_frame_id": null, "display_from_source": null}
{"rx": "cloud_fragment_ready", "sequence": 23, "state": null, "accepted": null, "error_code": null, "reason": null, "frame_id": "odom", "source_frame_id": "camera_init", "display_from_source": {"x": 0.0, "y": 0.0, "z": 0.0, "qx": 0.0, "qy": 0.0, "qz": 0.0, "qw": 1.0}}
{"rx": "session_heartbeat", "sequence": 24, "state": "mapping", "accepted": null, "error_code": null, "reason": null, "frame_id": null, "source_frame_id": null, "display_from_source": null}
{"rx": "cloud_fragment_ready", "sequence": 25, "state": null, "accepted": null, "error_code": null, "reason": null, "frame_id": "odom", "source_frame_id": "camera_init", "display_from_source": {"x": 0.0, "y": 0.0, "z": 0.0, "qx": 0.0, "qy": 0.0, "qz": 0.0, "qw": 1.0}}
{"rx": "session_heartbeat", "sequence": 26, "state": "mapping", "accepted": null, "error_code": null, "reason": null, "frame_id": null, "source_frame_id": null, "display_from_source": null}
{"rx": "command_ack", "sequence": 27, "state": null, "accepted": true, "error_code": "", "reason": "", "frame_id": null, "source_frame_id": null, "display_from_source": null}
{"rx": "artifact_status", "sequence": 28, "state": "generating", "accepted": null, "error_code": null, "reason": "", "frame_id": null, "source_frame_id": null, "display_from_source": null}
{"rx": "artifact_status", "sequence": 29, "state": "generating", "accepted": null, "error_code": null, "reason": "", "frame_id": null, "source_frame_id": null, "display_from_source": null}
{"rx": "session_heartbeat", "sequence": 30, "state": "generating", "accepted": null, "error_code": null, "reason": null, "frame_id": null, "source_frame_id": null, "display_from_source": null}
{"rx": "session_heartbeat", "sequence": 31, "state": "generating", "accepted": null, "error_code": null, "reason": null, "frame_id": null, "source_frame_id": null, "display_from_source": null}
{"rx": "session_heartbeat", "sequence": 32, "state": "generating", "accepted": null, "error_code": null, "reason": null, "frame_id": null, "source_frame_id": null, "display_from_source": null}
{"rx": "session_heartbeat", "sequence": 33, "state": "generating", "accepted": null, "error_code": null, "reason": null, "frame_id": null, "source_frame_id": null, "display_from_source": null}
{"rx": "session_heartbeat", "sequence": 34, "state": "generating", "accepted": null, "error_code": null, "reason": null, "frame_id": null, "source_frame_id": null, "display_from_source": null}
{"rx": "session_heartbeat", "sequence": 35, "state": "generating", "accepted": null, "error_code": null, "reason": null, "frame_id": null, "source_frame_id": null, "display_from_source": null}
{"rx": "session_heartbeat", "sequence": 36, "state": "generating", "accepted": null, "error_code": null, "reason": null, "frame_id": null, "source_frame_id": null, "display_from_source": null}
{"rx": "session_heartbeat", "sequence": 37, "state": "generating", "accepted": null, "error_code": null, "reason": null, "frame_id": null, "source_frame_id": null, "display_from_source": null}
{"rx": "artifact_status", "sequence": 38, "state": "generating", "accepted": null, "error_code": null, "reason": "", "frame_id": null, "source_frame_id": null, "display_from_source": null}
{"rx": "session_heartbeat", "sequence": 39, "state": "generating", "accepted": null, "error_code": null, "reason": null, "frame_id": null, "source_frame_id": null, "display_from_source": null}
{"rx": "session_heartbeat", "sequence": 40, "state": "generating", "accepted": null, "error_code": null, "reason": null, "frame_id": null, "source_frame_id": null, "display_from_source": null}
{"rx": "session_heartbeat", "sequence": 41, "state": "generating", "accepted": null, "error_code": null, "reason": null, "frame_id": null, "source_frame_id": null, "display_from_source": null}
{"rx": "session_heartbeat", "sequence": 42, "state": "generating", "accepted": null, "error_code": null, "reason": null, "frame_id": null, "source_frame_id": null, "display_from_source": null}
{"rx": "artifact_status", "sequence": 43, "state": "ready", "accepted": null, "error_code": null, "reason": "", "frame_id": null, "source_frame_id": null, "display_from_source": null}
{"result": "PASS", "archive": "D:\\Projects\\AI_assisted\\CCS_dev\\artifacts\\agv_mapping_guard_fix_20260905\\cycle2\\agv-static-20260905-113150.zip", "byte_count": 248867, "sha256": "ba48d3cba52d3d1b2e5f19c47f2a00df946e181a2c8d363ef6bd080e8bf0400b", "frame_contract": {"prepare": "odom", "preview": "odom", "preview_source": "camera_init", "artifact": "map"}}
