test_navigation_timeout_cleans_up_and_allows_retry (tests.test_multi_device_v024.MultiDeviceTaskTests.test_navigation_timeout_cleans_up_and_allows_retry) ... ok
test_old_commit_and_timeout_do_not_mark_edited_revision_failed (tests.test_multi_device_v024.MultiDeviceTaskTests.test_old_commit_and_timeout_do_not_mark_edited_revision_failed) ... ok
test_other_device_draft_survives_single_save_and_sync_preflight_is_atomic (tests.test_multi_device_v024.MultiDeviceTaskTests.test_other_device_draft_survives_single_save_and_sync_preflight_is_atomic) ... ok
test_recent_events_are_bounded_and_cached (tests.test_multi_device_v024.MultiDeviceTaskTests.test_recent_events_are_bounded_and_cached) ... ok
test_reentry_queries_preparation_until_current_ready_without_extending_timeout (tests.test_multi_device_v024.MultiDeviceTaskTests.test_reentry_queries_preparation_until_current_ready_without_extending_timeout) ... ok
test_rejection_and_old_ready_cannot_pollute_retry (tests.test_multi_device_v024.MultiDeviceTaskTests.test_rejection_and_old_ready_cannot_pollute_retry) ... ok
test_repeated_ready_does_not_reschedule_started_task (tests.test_multi_device_v024.MultiDeviceTaskTests.test_repeated_ready_does_not_reschedule_started_task) ... ok
test_repository_notifications_run_after_transaction_unlock (tests.test_multi_device_v024.MultiDeviceTaskTests.test_repository_notifications_run_after_transaction_unlock) ... ok
test_runtime_update_merges_with_latest_definition_and_sibling (tests.test_multi_device_v024.MultiDeviceTaskTests.test_runtime_update_merges_with_latest_definition_and_sibling) ... ok
test_sequential_and_batch_deliveries_keep_both_devices_ready (tests.test_multi_device_v024.MultiDeviceTaskTests.test_sequential_and_batch_deliveries_keep_both_devices_ready) ... ok
test_sync_button_enables_start_only_after_all_ready_and_start_keeps_revisions (tests.test_multi_device_v024.MultiDeviceTaskTests.test_sync_button_enables_start_only_after_all_ready_and_start_keeps_revisions) ... ok
test_unchanged_save_preserves_ready_and_edit_only_invalidates_one_device (tests.test_multi_device_v024.MultiDeviceTaskTests.test_unchanged_save_preserves_ready_and_edit_only_invalidates_one_device) ... ok
test_wrong_device_command_and_subtask_ack_do_not_consume_request (tests.test_multi_device_v024.MultiDeviceTaskTests.test_wrong_device_command_and_subtask_ack_do_not_consume_request) ... ok
test_display_deduplication_preserves_every_archive_sample (tests.test_multi_device_v024.TrajectoryTests.test_display_deduplication_preserves_every_archive_sample) ... ok
test_explicit_clear_removes_connection_archive (tests.test_multi_device_v024.TrajectoryTests.test_explicit_clear_removes_connection_archive) ... ok
test_failed_write_retains_pending_and_reports_error (tests.test_multi_device_v024.TrajectoryTests.test_failed_write_retains_pending_and_reports_error) ... 轨迹存储异常：disk full
ok
test_long_connection_keeps_start_and_end_with_bounded_memory (tests.test_multi_device_v024.TrajectoryTests.test_long_connection_keeps_start_and_end_with_bounded_memory) ... ok
test_map_coordinates_segments_and_map_isolation (tests.test_multi_device_v024.TrajectoryTests.test_map_coordinates_segments_and_map_isolation) ... ok
test_restart_recovers_unexpired_points_and_tolerates_partial_tail (tests.test_multi_device_v024.TrajectoryTests.test_restart_recovers_unexpired_points_and_tolerates_partial_tail) ... ok
test_short_disconnect_resumes_and_expiry_removes_memory_and_disk (tests.test_multi_device_v024.TrajectoryTests.test_short_disconnect_resumes_and_expiry_removes_memory_and_disk) ... ok
test_unwritable_archive_root_does_not_prevent_service_start (tests.test_multi_device_v024.TrajectoryTests.test_unwritable_archive_root_does_not_prevent_service_start) ... 轨迹存储异常：[WinError 183] 当文件已存在时，无法创建该文件。: 'C:\\Users\\AADCL_~1\\AppData\\Local\\Temp\\tmpiybnklll\\blocked'
ok
test_wrong_json_record_types_do_not_stop_restore_or_future_writes (tests.test_multi_device_v024.TrajectoryTests.test_wrong_json_record_types_do_not_stop_restore_or_future_writes) ... ok
test_hidden_viewer_rejects_inflight_map_restore (tests.test_multi_device_v024.TrajectoryViewerTests.test_hidden_viewer_rejects_inflight_map_restore) ... ok
test_independent_persisted_layer_switch_does_not_remove_points (tests.test_multi_device_v024.TrajectoryViewerTests.test_independent_persisted_layer_switch_does_not_remove_points) ... ok

----------------------------------------------------------------------
Ran 24 tests in 1.632s

OK
